// Jest Snapshot v1, https://goo.gl/fbAQLP

exports[`LayoutAuth component renders correctly 1`] = `
<Adapter
  id="layout-auth"
>
  <withRouter(Connect(LayoutHeader)) />
  <Adapter>
    <withRouter(Connect(LayoutSider)) />
    <Adapter>
      TEST
    </Adapter>
  </Adapter>
  <LayoutFooter />
</Adapter>
`;
