// Jest Snapshot v1, https://goo.gl/fbAQLP

exports[`SplashScreen component renders correctly 1`] = `
<div
  className="splash-screen"
>
  <Row
    className="text-center"
    gutter={0}
  >
    <div
      className="header-logo"
    >
      <img
        alt="Logo"
        src="logo.png"
      />
       
      <Spin
        size="large"
        spinning={true}
        wrapperClassName=""
      />
    </div>
    <div
      className="header-description"
    >
      The best game library app!
    </div>
  </Row>
  <Row
    className="text-center"
    gutter={0}
  >
    <Memo(Carousel) />
  </Row>
  <Row
    className="text-center"
    gutter={0}
  >
    <Memo(AudioToggle)
      audioArray={
        Array [
          "top-gear.mp3",
          "super-mario-world.mp3",
          "super-mario-kart.mp3",
        ]
      }
    />
  </Row>
  <Row
    className="text-center"
    gutter={0}
  >
    <div
      className="header-description"
    >
      Meanwhile, please enjoy some nostalgia (turn on sound)!
    </div>
  </Row>
  <Row
    className="text-center"
    gutter={0}
  />
</div>
`;

exports[`SplashScreen component renders correctly 2`] = `
<div
  className="splash-screen"
>
  <Row
    className="text-center"
    gutter={0}
  >
    <div
      className="header-logo"
    >
      <img
        alt="Logo"
        src="logo.png"
      />
       
      <Spin
        size="large"
        spinning={true}
        wrapperClassName=""
      />
    </div>
    <div
      className="header-description"
    >
      The best game library app!
    </div>
  </Row>
  <Row
    className="text-center"
    gutter={0}
  >
    <Memo(Carousel) />
  </Row>
  <Row
    className="text-center"
    gutter={0}
  >
    <Memo(AudioToggle)
      audioArray={
        Array [
          "top-gear.mp3",
          "super-mario-world.mp3",
          "super-mario-kart.mp3",
        ]
      }
    />
  </Row>
  <Row
    className="text-center"
    gutter={0}
  >
    <div
      className="header-description"
    >
      Meanwhile, please enjoy some nostalgia (turn on sound)!
    </div>
  </Row>
  <Row
    className="text-center"
    gutter={0}
  />
</div>
`;
