// Jest Snapshot v1, https://goo.gl/fbAQLP

exports[`LayoutHeader component renders correctly 1`] = `
<Adapter
  style={
    Object {
      "paddingLeft": "5px",
      "paddingRight": "5px",
      "textAlign": "center",
    }
  }
>
  <div
    className="logo"
    style={
      Object {
        "float": "left",
      }
    }
  >
    <Button
      block={false}
      className="btn-secondary"
      ghost={false}
      htmlType="button"
      icon="menu-fold"
      loading={false}
      size="large"
    />
    <Link
      to="/dashboard"
    >
      <img
        alt="Logo"
        src="logo.png"
        style={
          Object {
            "marginLeft": "15px",
            "marginRight": "30px",
            "width": "120px",
          }
        }
      />
    </Link>
  </div>
  <Input
    disabled={false}
    id="header-search"
    placeholder="Search Games"
    prefix={
      <Icon
        style={
          Object {
            "color": "#b3b3b3",
          }
        }
        type="search"
      />
    }
    size="large"
    style={
      Object {
        "width": "50%",
      }
    }
    type="text"
  />
  <div
    className="logo"
    style={
      Object {
        "float": "right",
      }
    }
  >
    <Button
      block={false}
      className="btn-secondary"
      ghost={false}
      htmlType="button"
      icon="logout"
      id="logout-btn"
      loading={false}
      onClick={[Function]}
      size="large"
    />
  </div>
</Adapter>
`;
