// Jest Snapshot v1, https://goo.gl/fbAQLP

exports[`About page component renders correctly 1`] = `
<div
  className="clean-card text-center"
  style={
    Object {
      "margin": "5vh",
    }
  }
>
  <h1
    className="text-primary text-big"
  >
    This project is a boilerplate for developing with React and its most used toolchain.
  </h1>
  <h1
    className="text-primary text-big"
  >
    Author: 
    <a
      href="https://github.com/kevinfaguiar"
    >
      @kevinfaguiar
    </a>
  </h1>
</div>
`;
