// Jest Snapshot v1, https://goo.gl/fbAQLP

exports[`Page500 component renders correctly Page500 1`] = `
<div>
  <div
    className="ant-row"
  >
    <div
      className="ant-col ant-col-12 ant-col-offset-6"
      style={
        Object {
          "paddingTop": "10vh",
        }
      }
    >
      <div
        className="clean-card text-center"
      >
        <h1
          className="text-primary text-baf"
          style={
            Object {
              "marginBottom": "0",
            }
          }
        >
          500
        </h1>
        <h1
          className="text-primary"
          style={
            Object {
              "marginBottom": "0",
            }
          }
        >
          Oops, it seems our server are not working as expected.
        </h1>
        <a
          href="/"
          onClick={[Function]}
        >
          <button
            className="ant-btn btn-secondary ant-btn-lg"
            onClick={[Function]}
            style={
              Object {
                "marginBottom": "15px",
              }
            }
            type="button"
          >
            <i
              aria-label="icon: rollback"
              className="anticon anticon-rollback"
            >
              <svg
                aria-hidden="true"
                className=""
                data-icon="rollback"
                fill="currentColor"
                focusable="false"
                height="1em"
                viewBox="64 64 896 896"
                width="1em"
              >
                <path
                  d="M793 242H366v-74c0-6.7-7.7-10.4-12.9-6.3l-142 112a8 8 0 0 0 0 12.6l142 112c5.2 4.1 12.9.4 12.9-6.3v-74h415v470H175c-4.4 0-8 3.6-8 8v60c0 4.4 3.6 8 8 8h618c35.3 0 64-28.7 64-64V306c0-35.3-28.7-64-64-64z"
                />
              </svg>
            </i>
            <span>
              Take Me Back Home
            </span>
          </button>
        </a>
      </div>
    </div>
  </div>
</div>
`;
