// Jest Snapshot v1, https://goo.gl/fbAQLP

exports[`Register page component renders correctly 1`] = `
<Row
  gutter={0}
>
  <Col
    offset={9}
    span={6}
    style={
      Object {
        "marginTop": "10%",
      }
    }
  >
    <HomeCard>
      <withRouter(Form(RegisterForm)) />
    </HomeCard>
  </Col>
</Row>
`;
