// Jest Snapshot v1, https://goo.gl/fbAQLP

exports[`GameList component renders correctly when don't has games 1`] = `
<h1
  className="text-center text-primary"
  style={
    Object {
      "margin": "15px",
    }
  }
>
  There are no games available, please try again later...
</h1>
`;

exports[`GameList component renders correctly when has games 1`] = `
Array [
  <h1
    className="text-primary"
    style={
      Object {
        "margin": "15px",
      }
    }
  >
    Showing a maximum of 
    24
     games...
  </h1>,
  <div />,
]
`;

exports[`GameList component renders correctly when isLoading 1`] = `
<h1
  className="text-center"
>
  <div
    className="ant-spin ant-spin-lg ant-spin-spinning ant-spin-show-text"
    style={
      Object {
        "marginTop": "25px",
      }
    }
  >
    <span
      className="ant-spin-dot ant-spin-dot-spin"
    >
      <i
        className="ant-spin-dot-item"
      />
      <i
        className="ant-spin-dot-item"
      />
      <i
        className="ant-spin-dot-item"
      />
      <i
        className="ant-spin-dot-item"
      />
    </span>
    <div
      className="ant-spin-text"
    >
      Loading games...
    </div>
  </div>
</h1>
`;
