// Jest Snapshot v1, https://goo.gl/fbAQLP

exports[`GameCard component renders correctly 1`] = `
<div
  className="game-card"
  onClick={[Function]}
  onKeyPress={[Function]}
  role="button"
  style={
    Object {
      "height": "100%",
      "padding": "10px",
    }
  }
  tabIndex={0}
>
  <div
    className="text-center"
    style={
      Object {
        "padding": "15px",
      }
    }
  >
    <div
      style={
        Object {
          "height": "250px",
          "width": "inherit",
        }
      }
    />
  </div>
  <div
    className="text-center"
  >
    <strong>
      Title: 
    </strong>
    <span
      className="text-max-size-1"
    >
      Super Mario Kart
    </span>
  </div>
  <div
    className="text-center"
  >
    <strong>
      Platform: 
    </strong>
    <span
      className="text-max-size-1"
    >
      Super Nintendo Entertainment System
    </span>
  </div>
  <div
    className="text-center"
  >
    <strong>
      Overview: 
    </strong>
    <span
      className="text-max-size-3"
    >
      The best kart game in the world, y' now
    </span>
  </div>
</div>
`;
