// Jest Snapshot v1, https://goo.gl/fbAQLP

exports[`ModalGame component renders correctly 1`] = `
<div
  id="problematic-modal"
>
  <button
    className="ant-btn ant-btn-primary"
    onClick={[Function]}
    style={
      Object {
        "float": "right",
        "marginRight": "15px",
      }
    }
    type="button"
  />
  <h1
    className="text-center text-primary"
  >
    
  </h1>
  <div
    className="text-center"
    style={
      Object {
        "padding": "15px",
      }
    }
  >
    <div
      className="text-center"
      style={
        Object {
          "height": "inherit",
        }
      }
    >
      <strong>
        No video available for this game.
      </strong>
    </div>
  </div>
  <div
    className="text-center"
  >
    <strong>
      Platform: 
    </strong>
    <span>
      
    </span>
  </div>
  <div
    className="text-center"
  >
    <strong>
      Overview: 
    </strong>
    <span>
      
    </span>
  </div>
</div>
`;
