// Jest Snapshot v1, https://goo.gl/fbAQLP

exports[`ModalGame component renders correctly 1`] = `
<div
  id="problematic-modal"
>
  <button
    className="ant-btn ant-btn-primary"
    onClick={[Function]}
    type="button"
  />
  <h1>
    
  </h1>
  <div>
    <div>
      <strong>
        No video available for this game.
      </strong>
    </div>
  </div>
  <div>
    <strong>
      Platform: 
    </strong>
    <span>
      
    </span>
  </div>
  <div>
    <strong>
      Overview: 
    </strong>
    <span>
      
    </span>
  </div>
</div>
`;
