// Jest Snapshot v1, https://goo.gl/fbAQLP

exports[`Carousel component renders correctly 1`] = `
.c0 {
  text-align: center;
  margin-top: 15px;
  margin-bottom: 15px;
}

.c0 img {
  border-radius: 15px;
}

.c0 #current-image {
  height: 400px;
  opacity: 0.7;
}

.c0 #previous-image,
.c0 #next-image {
  opacity: 0.2;
  margin-left: 10px;
  margin-right: 10px;
}

<div
  className="c0"
  id="animated-carousel"
>
  <img
    alt="Random Game"
    data-index={0}
    id="previous-image"
    src="/image/super-mario-kart.png"
  />
  <img
    alt="Random Game"
    data-index={1}
    id="current-image"
    src="/image/super-mario-world.jpg"
  />
  <img
    alt="Random Game"
    data-index={2}
    id="next-image"
    src="/image/top-gear.jpg"
  />
</div>
`;
