// Jest Snapshot v1, https://goo.gl/fbAQLP

exports[`LayoutFooter component renders correctly 1`] = `
<footer
  className="ant-layout-footer"
  style={
    Object {
      "textAlign": "center",
    }
  }
>
  <span>
    2019 - Kevin Aguiar -
     
    <a
      href="https://github.com/kevinfaguiar"
    >
      Github
    </a>
  </span>
</footer>
`;
